// Jest Snapshot v1, https://goo.gl/fbAQLP

exports[`level3 1`] = `
Object {
  "carts": Array [
    Object {
      "id": 1,
      "total": 2350,
    },
    Object {
      "id": 2,
      "total": 1775,
    },
    Object {
      "id": 3,
      "total": 1798,
    },
    Object {
      "id": 4,
      "total": 1083,
    },
    Object {
      "id": 5,
      "total": 1328,
    },
  ],
}
`;
