// Jest Snapshot v1, https://goo.gl/fbAQLP

exports[`level2 1`] = `
Object {
  "carts": Array [
    Object {
      "id": 1,
      "total": 2000,
    },
    Object {
      "id": 2,
      "total": 1800,
    },
    Object {
      "id": 3,
      "total": 800,
    },
  ],
}
`;
